
> digital-banking-web@0.0.0 build:all
> npm run build:lib && npm run build:apps


> digital-banking-web@0.0.0 build:lib
> ng build ui-components

Building Angular Package

------------------------------------------------------------------------------
Building entry point '@bofa/ui-components'
------------------------------------------------------------------------------
- Compiling with Angular sources in Ivy partial compilation mode.
✔ Compiling with Angular sources in Ivy partial compilation mode.
- Generating FESM2020
✔ Generating FESM2020
- Generating FESM2015
✔ Generating FESM2015
- Copying assets
✔ Copying assets
- Writing package manifest
✔ Writing package manifest
✔ Built @bofa/ui-components

------------------------------------------------------------------------------
Built Angular Package
 - from: /home/ubuntu/repos/digital-banking-web/libs/ui-components
 - to:   /home/ubuntu/repos/digital-banking-web/dist/ui-components
------------------------------------------------------------------------------

Build at: 2026-09-04T12:04:48.563Z - Time: 5547ms


> digital-banking-web@0.0.0 build:apps
> ng build retail-banking && ng build wealth-portal

- Generating browser application bundles (phase: setup)...
✔ Browser application bundle generation complete.
✔ Browser application bundle generation complete.
- Copying assets...
✔ Copying assets complete.
- Generating index html...
✔ Index html generation complete.

Initial Chunk Files           | Names         |  Raw Size | Estimated Transfer Size
main.f347d550984e3877.js      | main          | 493.61 kB |               109.16 kB
styles.b50f736b3877348a.css   | styles        |  75.18 kB |                 7.87 kB
polyfills.74eb65ba8f720eca.js | polyfills     |  33.08 kB |                10.68 kB
runtime.d27705cea11f3226.js   | runtime       |   1.05 kB |               600 bytes

| Initial Total | 602.93 kB |               128.30 kB

Build at: 2026-09-04T12:05:07.447Z - Hash: fcb1e35c71af45e6 - Time: 17155ms

Warning: bundle initial exceeded maximum budget. Budget 500.00 kB was not met by 102.93 kB with a total of 602.93 kB.


- Generating browser application bundles (phase: setup)...
✔ Browser application bundle generation complete.
✔ Browser application bundle generation complete.
- Copying assets...
✔ Copying assets complete.
- Generating index html...
✔ Index html generation complete.

Initial Chunk Files           | Names         |  Raw Size | Estimated Transfer Size
main.445d7daf8198d0d9.js      | main          | 340.62 kB |                83.31 kB
styles.b50f736b3877348a.css   | styles        |  75.18 kB |                 7.87 kB
polyfills.1e3e5efb7980c524.js | polyfills     |  33.08 kB |                10.64 kB
runtime.0c87a39f2d0c54e4.js   | runtime       |   1.05 kB |               600 bytes

| Initial Total | 449.93 kB |               102.40 kB

Build at: 2026-09-04T12:05:22.162Z - Hash: fd7be00e8ee66965 - Time: 13341ms
