Building Angular Package

------------------------------------------------------------------------------
Building entry point '@bofa/ui-components'
------------------------------------------------------------------------------
- Compiling with Angular sources in Ivy partial compilation mode.
✔ Compiling with Angular sources in Ivy partial compilation mode.
- Generating FESM2020
✔ Generating FESM2020
- Generating FESM2015
✔ Generating FESM2015
- Copying assets
✔ Copying assets
- Writing package manifest
✔ Writing package manifest
✔ Built @bofa/ui-components

------------------------------------------------------------------------------
Built Angular Package
 - from: /home/ubuntu/repos/digital-banking-web/libs/ui-components
 - to:   /home/ubuntu/repos/digital-banking-web/dist/ui-components
------------------------------------------------------------------------------

Build at: 2026-09-04T12:36:32.193Z - Time: 5813ms

