node v16.20.2 npm 8.19.4
build lib rc=0
dts diff lines=99
pkg meta diff lines=0
build retail rc=0
build wealth rc=0
build warnings/errors: 1 distinct
test ui-components rc=0 ERROR-lines=0 :: [1A[2KChrome Headless 133.0.0.0 (Linux 0.0.0): Executed 5 of 5 SUCCESS (0.065 secs / 0.054 secs)
test retail-banking rc=0 ERROR-lines=0 :: [1A[2KChrome Headless 133.0.0.0 (Linux 0.0.0): Executed 3 of 3 SUCCESS (0.001 secs / 0.142 secs)
test wealth-portal rc=0 ERROR-lines=0 :: [1A[2KChrome Headless 133.0.0.0 (Linux 0.0.0): Executed 2 of 2 SUCCESS (0.51 secs / 0.091 secs)
serve: retail=200 wealth=200
capture rc=0
{"file":"retail-01-full.png","status":"DIFF","pixels":76,"pct":"0.007%","size":"1280x900"}
{"file":"retail-02-cards.png","status":"SAME","pixels":0,"pct":"0.000%","size":"1100x127"}
{"file":"retail-03-table.png","status":"SAME","pixels":0,"pct":"0.000%","size":"614x297"}
{"file":"retail-04-form.png","status":"DIFF","pixels":76,"pct":"0.064%","size":"398x298"}
{"file":"retail-05-primary-button.png","status":"SAME","pixels":0,"pct":"0.000%","size":"398x37"}
{"file":"retail-06-form-focused.png","status":"DIFF","pixels":76,"pct":"0.064%","size":"398x298"}
{"file":"retail-07-form-filled.png","status":"DIFF","pixels":76,"pct":"0.064%","size":"398x298"}
{"file":"retail-08-datepicker-open.png","status":"DIFF","pixels":414,"pct":"0.036%","size":"1280x900"}
{"file":"retail-09-dialog-open.png","status":"DIFF","pixels":79,"pct":"0.007%","size":"1280x900"}
{"file":"retail-10-dialog.png","status":"SAME","pixels":0,"pct":"0.000%","size":"420x160"}
{"file":"retail-11-after-confirm-table.png","status":"SAME","pixels":0,"pct":"0.000%","size":"614x345"}
{"file":"retail-12-after-confirm-full.png","status":"DIFF","pixels":76,"pct":"0.007%","size":"1280x900"}
{"file":"wealth-01-full.png","status":"SAME","pixels":0,"pct":"0.000%","size":"1280x900"}
{"file":"wealth-02-cards.png","status":"SAME","pixels":0,"pct":"0.000%","size":"1000x127"}
{"file":"wealth-03-table.png","status":"SAME","pixels":0,"pct":"0.000%","size":"966x297"}
{"file":"wealth-04-secondary-button.png","status":"SAME","pixels":0,"pct":"0.000%","size":"177x37"}
{"file":"wealth-05-dialog-open.png","status":"SAME","pixels":0,"pct":"0.000%","size":"1280x900"}
{"file":"wealth-06-dialog.png","status":"SAME","pixels":0,"pct":"0.000%","size":"420x178"}
{"file":"wealth-07-after-confirm.png","status":"DIFF","pixels":227,"pct":"0.635%","size":"966x37"}
{"file":"wealth-08-after-confirm-full.png","status":"DIFF","pixels":227,"pct":"0.020%","size":"1280x900"}
metrics: identical
GREEN-GATE rc=0 (visual result must be judged separately from /home/ubuntu/green/15a/compare.txt, /home/ubuntu/green/15a/metrics.diff and diff PNGs)
