node v20.18.1 npm 10.8.2
build lib rc=0
dts diff lines=59
pkg meta diff lines=22
build retail rc=0
build wealth rc=0
build warnings/errors: 2 distinct
test ui-components rc=0 ERROR-lines=0 :: [1A[2KChrome Headless 133.0.0.0 (Linux 0.0.0): Executed 5 of 5 SUCCESS (0.085 secs / 0.073 secs)
test retail-banking rc=0 ERROR-lines=0 :: [1A[2KChrome Headless 133.0.0.0 (Linux 0.0.0): Executed 3 of 3 SUCCESS (0.119 secs / 0.111 secs)
test wealth-portal rc=0 ERROR-lines=0 :: [1A[2KChrome Headless 133.0.0.0 (Linux 0.0.0): Executed 2 of 2 SUCCESS (0.08 secs / 0.073 secs)
serve: retail=200 wealth=200
capture rc=0
{"file":"retail-01-full.png","status":"DIFF","pixels":21747,"pct":"1.888%","size":"1280x900"}
{"file":"retail-02-cards.png","status":"SAME","pixels":0,"pct":"0.000%","size":"1100x127"}
{"file":"retail-03-table.png","status":"SIZE","base":"614x297","cur":"614x317"}
{"file":"retail-04-form.png","status":"SIZE","base":"398x298","cur":"398x301"}
{"file":"retail-05-primary-button.png","status":"DIFF","pixels":585,"pct":"3.973%","size":"398x37"}
{"file":"retail-06-form-focused.png","status":"SIZE","base":"398x298","cur":"398x301"}
{"file":"retail-07-form-filled.png","status":"SIZE","base":"398x298","cur":"398x301"}
{"file":"retail-08-datepicker-open.png","status":"DIFF","pixels":22284,"pct":"1.934%","size":"1280x900"}
{"file":"retail-09-dialog-open.png","status":"DIFF","pixels":16166,"pct":"1.403%","size":"1280x900"}
{"file":"retail-10-dialog.png","status":"DIFF","pixels":2480,"pct":"3.690%","size":"420x160"}
{"file":"retail-11-after-confirm-table.png","status":"SIZE","base":"614x345","cur":"614x369"}
{"file":"retail-12-after-confirm-full.png","status":"DIFF","pixels":27530,"pct":"2.390%","size":"1280x900"}
{"file":"wealth-01-full.png","status":"DIFF","pixels":16985,"pct":"1.474%","size":"1280x900"}
{"file":"wealth-02-cards.png","status":"SAME","pixels":0,"pct":"0.000%","size":"1000x127"}
{"file":"wealth-03-table.png","status":"SIZE","base":"966x297","cur":"966x317"}
{"file":"wealth-04-secondary-button.png","status":"SAME","pixels":0,"pct":"0.000%","size":"177x37"}
{"file":"wealth-05-dialog-open.png","status":"DIFF","pixels":10800,"pct":"0.938%","size":"1280x900"}
{"file":"wealth-06-dialog.png","status":"SIZE","base":"420x178","cur":"420x180"}
{"file":"wealth-07-after-confirm.png","status":"DIFF","pixels":909,"pct":"2.543%","size":"966x37"}
{"file":"wealth-08-after-confirm-full.png","status":"DIFF","pixels":24909,"pct":"2.162%","size":"1280x900"}
metrics differences: 24
GREEN-GATE rc=0 (visual result must be judged separately from /home/ubuntu/green/18-fix/compare.txt, /home/ubuntu/green/18-fix/metrics.diff and diff PNGs)
