node v16.20.2 npm 8.19.4
build lib rc=0
dts diff lines=59
pkg meta diff lines=22
build retail rc=0
build wealth rc=0
build warnings/errors: 1 distinct
test ui-components rc=0 ERROR-lines=0 :: [1A[2KChrome Headless 133.0.0.0 (Linux 0.0.0): Executed 5 of 5 SUCCESS (0.093 secs / 0.086 secs)
test retail-banking rc=0 ERROR-lines=0 :: [1A[2KChrome Headless 133.0.0.0 (Linux 0.0.0): Executed 3 of 3 SUCCESS (0.15 secs / 0.143 secs)
test wealth-portal rc=0 ERROR-lines=0 :: [1A[2KChrome Headless 133.0.0.0 (Linux 0.0.0): Executed 2 of 2 SUCCESS (0.102 secs / 0.09 secs)
serve: retail=200 wealth=200
capture rc=0
{"file":"retail-01-full.png","status":"DIFF","pixels":25701,"pct":"2.231%","size":"1280x900"}
{"file":"retail-02-cards.png","status":"SAME","pixels":0,"pct":"0.000%","size":"1100x127"}
{"file":"retail-03-table.png","status":"SIZE","base":"614x297","cur":"614x317"}
{"file":"retail-04-form.png","status":"SIZE","base":"398x298","cur":"398x283"}
{"file":"retail-05-primary-button.png","status":"DIFF","pixels":722,"pct":"4.903%","size":"398x37"}
{"file":"retail-06-form-focused.png","status":"SIZE","base":"398x298","cur":"398x283"}
{"file":"retail-07-form-filled.png","status":"SIZE","base":"398x298","cur":"398x283"}
{"file":"retail-08-datepicker-open.png","status":"DIFF","pixels":28028,"pct":"2.433%","size":"1280x900"}
{"file":"retail-09-dialog-open.png","status":"DIFF","pixels":20368,"pct":"1.768%","size":"1280x900"}
{"file":"retail-10-dialog.png","status":"DIFF","pixels":2480,"pct":"3.690%","size":"420x160"}
{"file":"retail-11-after-confirm-table.png","status":"SIZE","base":"614x345","cur":"614x369"}
{"file":"retail-12-after-confirm-full.png","status":"DIFF","pixels":29742,"pct":"2.582%","size":"1280x900"}
{"file":"wealth-01-full.png","status":"DIFF","pixels":17926,"pct":"1.556%","size":"1280x900"}
{"file":"wealth-02-cards.png","status":"SAME","pixels":0,"pct":"0.000%","size":"1000x127"}
{"file":"wealth-03-table.png","status":"SIZE","base":"966x297","cur":"966x317"}
{"file":"wealth-04-secondary-button.png","status":"SAME","pixels":0,"pct":"0.000%","size":"177x37"}
{"file":"wealth-05-dialog-open.png","status":"DIFF","pixels":10800,"pct":"0.938%","size":"1280x900"}
{"file":"wealth-06-dialog.png","status":"SIZE","base":"420x178","cur":"420x180"}
{"file":"wealth-07-after-confirm.png","status":"DIFF","pixels":1033,"pct":"2.890%","size":"966x37"}
{"file":"wealth-08-after-confirm-full.png","status":"DIFF","pixels":25889,"pct":"2.247%","size":"1280x900"}
metrics differences: 24
GREEN-GATE rc=0 (visual result must be judged separately from /home/ubuntu/green/16/compare.txt, /home/ubuntu/green/16/metrics.diff and diff PNGs)
